
> frontend@0.0.0 build
> vite build

[36mvite v7.3.1 [32mbuilding client environment for production...[36m[39m
transforming...
[32mΓ£ô[39m 2271 modules transformed.
rendering chunks...
computing gzip size...
[2mdist/[22m[32mindex.html                 [39m[1m[2m  0.83 kB[22m[1m[22m[2m Γöé gzip:   0.47 kB[22m
[2mdist/[22m[35massets/index-DN5yyX5T.css  [39m[1m[2m 27.34 kB[22m[1m[22m[2m Γöé gzip:   5.40 kB[22m
[2mdist/[22m[36massets/index-DPnOkRLJ.js   [39m[1m[33m921.92 kB[39m[22m[2m Γöé gzip: 276.07 kB[22m
node.exe : [33m
At line:1 char:1
+ & "D:\/node.exe" 
"D:\/node_modules/npm/bin/npm-cli.js" run build
+ ~~~~~~~~~~~~~~~~~~~~~~~~~~~~~~~~~~~~~~~~~~~~~~
~~~~~~~~~~~~~~~~~~
    + CategoryInfo          : NotSpecified: ([ 
   33m:String) [], RemoteException
    + FullyQualifiedErrorId : NativeCommandErro 
   r
 
(!) Some chunks are larger than 500 kB after 
minification. Consider:
- Using dynamic import() to code-split the 
application
- Use build.rollupOptions.output.manualChunks 
to improve chunking: https://rollupjs.org/config
uration-options/#output-manualchunks
- Adjust chunk size limit for this warning via 
build.chunkSizeWarningLimit.[39m
[32mΓ£ô built in 7.22s[39m
